// Jest Snapshot v1, https://goo.gl/fbAQLP

exports[`Pool internals should use default options 1`] = `10`;
